 ------------------------
 Symbol        | Location
 --------------+---------
 DOSa          |   140
 FOURac        |   13D
 MENOSb        |   13F
 a             |   135
 abajo-        |   116
 abajo2-       |   0E8
 ac            |   13C
 ambos         |   03F
 ambos-        |   126
 ambos2-       |   0F8
 arriba-       |   104
 arriba2-      |   0D6
 avg           |   17B
 avg_x         |   184
 b             |   136
 b1            |   139
 babil         |   147
 bb            |   138
 c             |   137
 cero          |   13A
 cuadrado      |   018
 div           |   164
 div_i         |   145
 div_lado1     |   162
 div_lado2     |   163
 div_x         |   142
 div_y         |   143
 dos           |   144
 empezar       |   0B5
 endwhile      |   171
 endwhile_-a-c |   053
 endwhile_-ac  |   060
 endwhile_ac   |   03E
 endwhile_bb   |   026
 endwhile_raiz |   160
 exit          |   132
 imp           |   13E
 imposible     |   077
 neg           |   054
 nn            |   00A
 par           |   177
 parte_arriba  |   146
 posi          |   032
 posible       |   071
 raiz          |   133
 raiz_cero     |   07A
 raiz_cero-    |   097
 raiz_cero--   |   0A9
 raiz_cero_-a  |   087
 res2          |   0C6
 res_avg       |   185
 res_final     |   141
 res_raiz      |   134
 sig           |   027
 sig2          |   065
 uno           |   13B
 while         |   168
 while_-a-c    |   049
 while_-ac     |   056
 while_ac      |   034
 while_bb      |   01C
 while_raiz    |   150
