 ----------------------------
 Symbol            | Location
 ------------------+---------
 MENOSuno          |   0E8
 NOtriangulo       |   0C8
 a                 |   0EC
 abs               |   0DF
 avg               |   145
 avg_x             |   14E
 b                 |   0ED
 babil             |   10C
 c                 |   0EE
 cien              |   0EB
 cuadrado          |   0F2
 d1                |   0D2
 d1+               |   0D8
 d2                |   0D3
 d2+               |   0D9
 d3                |   0D4
 d3+               |   0DA
 d4                |   0D5
 d4+               |   0DB
 d5                |   0D6
 d5+               |   0DC
 d6                |   0D7
 d6+               |   0DD
 div               |   129
 div_i             |   144
 div_lado1         |   127
 div_lado2         |   128
 div_x             |   140
 div_y             |   141
 dos               |   143
 elevar1           |   0E2
 elevar2           |   0E3
 endwhile          |   136
 endwhile_cuadrado |   100
 endwhile_raiz     |   125
 exit              |   0CB
 k                 |   0DE
 lado1             |   0E4
 lado2             |   0E5
 lado3             |   0E6
 mayor_lado1       |   093
 mayor_lado2       |   0A2
 mayor_lado3       |   0AD
 mirar2            |   0BD
 mirar_lado1       |   0EF
 mirar_lado2       |   0F0
 mirar_lado3       |   0F1
 mirar_triangulos  |   0B4
 next              |   087
 next2             |   08D
 par               |   13C
 posi              |   102
 raiz              |   0E7
 res_avg           |   14F
 res_elevar        |   0E0
 res_final         |   0EA
 temp              |   0E1
 tres              |   0E9
 ultimo            |   0C5
 uno               |   142
 while             |   12D
 while_cuadrado    |   0F6
 while_raiz        |   115
 x1                |   0CC
 x2                |   0CE
 x3                |   0D0
 y1                |   0CD
 y2                |   0CF
 y3                |   0D1
