 ----------------------------
 Symbol            | Location
 ------------------+---------
 MENOSuno          |   0E7
 NOtriangulo       |   0C7
 a                 |   0EB
 abs               |   0DE
 avg               |   14E
 avg_x             |   157
 b                 |   0EC
 babil             |   10E
 c                 |   0ED
 cien              |   0EA
 cuadrado          |   0F4
 d1                |   0D1
 d1+               |   0D7
 d2                |   0D2
 d2+               |   0D8
 d3                |   0D3
 d3+               |   0D9
 d4                |   0D4
 d4+               |   0DA
 d5                |   0D5
 d5+               |   0DB
 d6                |   0D6
 d6+               |   0DC
 div               |   132
 div_i             |   14D
 div_lado1         |   12E
 div_lado2         |   12F
 div_x             |   149
 div_y             |   14A
 dos               |   14C
 elevar1           |   0E1
 elevar2           |   0E2
 endwhile          |   13F
 endwhile_cuadrado |   102
 endwhile_raiz     |   12C
 exit              |   0CA
 k                 |   0DD
 lado1             |   0E3
 lado2             |   0E4
 lado3             |   0E5
 lado_1            |   0F1
 lado_2            |   0F2
 lado_3            |   0F3
 mayor_lado1       |   093
 mayor_lado2       |   0A2
 mayor_lado3       |   0AD
 mirar2            |   0BC
 mirar_lado1       |   0EE
 mirar_lado2       |   0EF
 mirar_lado3       |   0F0
 mirar_triangulos  |   0B4
 next              |   087
 next2             |   08D
 par               |   145
 posi              |   104
 raiz              |   0E6
 raiz_dos          |   130
 res_avg           |   158
 res_elevar        |   0DF
 res_final         |   0E9
 sig               |   114
 temp              |   0E0
 tres              |   0E8
 ultimo            |   0C4
 uno               |   14B
 while             |   136
 while_cuadrado    |   0F8
 while_raiz        |   11C
 x1                |   0CB
 x2                |   0CD
 x3                |   0CF
 y1                |   0CC
 y2                |   0CE
 y3                |   0D0
