 ----------------------------
 Symbol            | Location
 ------------------+---------
 MENOSuno          |   0FA
 NOtriangulo       |   0DA
 a                 |   0FE
 a_cuadrado        |   101
 abs               |   0F1
 acu               |   104
 avg               |   159
 avg_x             |   162
 b                 |   0FF
 b_cuadrado        |   102
 babil             |   120
 c                 |   100
 c_cuadrado        |   103
 cien              |   0FD
 cuadrado          |   106
 d1                |   0E4
 d1+               |   0EA
 d2                |   0E5
 d2+               |   0EB
 d3                |   0E6
 d3+               |   0EC
 d4                |   0E7
 d4+               |   0ED
 d5                |   0E8
 d5+               |   0EE
 d6                |   0E9
 d6+               |   0EF
 div               |   13D
 div_i             |   158
 div_lado1         |   13B
 div_lado2         |   13C
 div_x             |   154
 div_y             |   155
 dos               |   157
 elevar1           |   0F4
 elevar2           |   0F5
 elevar_lados      |   0B4
 endwhile          |   14A
 endwhile_cuadrado |   114
 endwhile_raiz     |   139
 exit              |   0DD
 k                 |   0F0
 lado1             |   0F6
 lado2             |   0F7
 lado3             |   0F8
 mayor_lado1       |   093
 mayor_lado2       |   0A2
 mayor_lado3       |   0AD
 mirar2            |   0CF
 mirar_triangulos  |   0C7
 next              |   087
 next2             |   08D
 obt               |   105
 par               |   150
 posi              |   116
 raiz              |   0F9
 res_avg           |   163
 res_elevar        |   0F2
 res_final         |   0FC
 temp              |   0F3
 tres              |   0FB
 ultimo            |   0D7
 uno               |   156
 while             |   141
 while_cuadrado    |   10A
 while_raiz        |   129
 x1                |   0DE
 x2                |   0E0
 x3                |   0E2
 y1                |   0DF
 y2                |   0E1
 y3                |   0E3
